ARM Linker, 5.02 [Build 28] [MDK-ARM Lite]

==============================================================================

Section Cross References

    startup_lpc17xx.o(RESET) refers to startup_lpc17xx.o(STACK) for __initial_sp
    startup_lpc17xx.o(RESET) refers to startup_lpc17xx.o(.text) for Reset_Handler
    startup_lpc17xx.o(RESET) refers to hal_cm3.o(.emb_text) for SVC_Handler
    startup_lpc17xx.o(RESET) refers to adc.o(.text) for ADC_IRQHandler
    startup_lpc17xx.o(.text) refers to system_lpc17xx.o(.text) for SystemInit
    startup_lpc17xx.o(.text) refers to entry.o(.ARM.Collect$$$$00000000) for __main
    system_lpc17xx.o(.text) refers to uldiv.o(.text) for __aeabi_uldivmod
    system_lpc17xx.o(.text) refers to system_lpc17xx.o(.data) for .data
    glcd_spi_lpc1700.o(.text) refers to glcd_spi_lpc1700.o(.data) for .data
    glcd_spi_lpc1700.o(.text) refers to glcd_spi_lpc1700.o(.constdata) for .constdata
    led.o(.text) refers to led.o(.constdata) for .constdata
    main.o(.text) refers to glcd_spi_lpc1700.o(.text) for GLCD_Bitmap
    main.o(.text) refers to led.o(.text) for LED_Off
    main.o(.text) refers to main.o(.bss) for .bss
    main.o(.text) refers to rt_mutex.o(i.rt_mut_wait) for rt_mut_wait
    main.o(.text) refers to main.o(.data) for .data
    main.o(.text) refers to rt_mutex.o(i.rt_mut_release) for rt_mut_release
    main.o(.text) refers to rt_task.o(i.rt_tsk_delete) for rt_tsk_delete
    main.o(.text) refers to rt_time.o(i.rt_dly_wait) for rt_dly_wait
    main.o(.text) refers to kbd.o(.text) for INT0_Get
    main.o(.text) refers to memcpya.o(.text) for __aeabi_memcpy4
    main.o(.text) refers to hal_cm3.o(.emb_text) for os_set_env
    main.o(.text) refers to rt_task.o(i.rt_tsk_create) for rt_tsk_create
    main.o(.text) refers to rt_mutex.o(i.rt_mut_init) for rt_mut_init
    main.o(.text) refers to rt_task.o(i.rt_sys_init) for rt_sys_init
    adc.o(.text) refers to main.o(.data) for ADCStat
    adc.o(.text) refers to main.o(.data) for ADCValue
    rt_task.o(i.rt_block) refers to rt_list.o(i.rt_put_dly) for rt_put_dly
    rt_task.o(i.rt_block) refers to rt_list.o(i.rt_get_first) for rt_get_first
    rt_task.o(i.rt_block) refers to rt_task.o(i.rt_switch_req) for rt_switch_req
    rt_task.o(i.rt_block) refers to rt_task.o(.data) for .data
    rt_task.o(i.rt_block) refers to rt_list.o(.bss) for os_rdy
    rt_task.o(i.rt_dispatch) refers to rt_list.o(i.rt_put_rdy_first) for rt_put_rdy_first
    rt_task.o(i.rt_dispatch) refers to rt_task.o(i.rt_switch_req) for rt_switch_req
    rt_task.o(i.rt_dispatch) refers to rt_list.o(i.rt_get_first) for rt_get_first
    rt_task.o(i.rt_dispatch) refers to rt_list.o(i.rt_put_prio) for rt_put_prio
    rt_task.o(i.rt_dispatch) refers to rt_task.o(.data) for .data
    rt_task.o(i.rt_dispatch) refers to rt_list.o(.bss) for os_rdy
    rt_task.o(i.rt_init_context) refers to rt_membox.o(i.rt_alloc_box) for rt_alloc_box
    rt_task.o(i.rt_init_context) refers to hal_cm3.o(i.rt_init_stack) for rt_init_stack
    rt_task.o(i.rt_init_context) refers to rtx_conf_cm.o(.bss) for mp_stk
    rt_task.o(i.rt_switch_req) refers to hal_cm3.o(i.dbg_task_switch) for dbg_task_switch
    rt_task.o(i.rt_switch_req) refers to rt_task.o(.data) for .data
    rt_task.o(i.rt_switch_req) refers to hal_cm3.o(.data) for dbg_msg
    rt_task.o(i.rt_sys_init) refers to hal_cm3.o(i.dbg_init) for dbg_init
    rt_task.o(i.rt_sys_init) refers to rt_membox.o(i._init_box) for _init_box
    rt_task.o(i.rt_sys_init) refers to rt_task.o(i.rt_init_context) for rt_init_context
    rt_task.o(i.rt_sys_init) refers to hal_cm3.o(.emb_text) for rt_set_PSP
    rt_task.o(i.rt_sys_init) refers to rt_robin.o(i.rt_init_robin) for rt_init_robin
    rt_task.o(i.rt_sys_init) refers to rt_system.o(i.os_tick_init) for os_tick_init
    rt_task.o(i.rt_sys_init) refers to rt_task.o(i.rt_tsk_create) for rt_tsk_create
    rt_task.o(i.rt_sys_init) refers to rtx_conf_cm.o(.bss) for os_active_TCB
    rt_task.o(i.rt_sys_init) refers to rtx_conf_cm.o(.constdata) for os_maxtaskrun
    rt_task.o(i.rt_sys_init) refers to rtx_conf_cm.o(.constdata) for mp_tcb_size
    rt_task.o(i.rt_sys_init) refers to rtx_conf_cm.o(.bss) for mp_tcb
    rt_task.o(i.rt_sys_init) refers to rtx_conf_cm.o(.constdata) for os_stackinfo
    rt_task.o(i.rt_sys_init) refers to rtx_conf_cm.o(.constdata) for mp_stk_size
    rt_task.o(i.rt_sys_init) refers to rtx_conf_cm.o(.bss) for mp_stk
    rt_task.o(i.rt_sys_init) refers to rtx_conf_cm.o(.constdata) for mp_tmr_size
    rt_task.o(i.rt_sys_init) refers to rtx_conf_cm.o(.data) for m_tmr
    rt_task.o(i.rt_sys_init) refers to rt_task.o(.bss) for .bss
    rt_task.o(i.rt_sys_init) refers to rtx_conf_cm.o(.text) for os_idle_demon
    rt_task.o(i.rt_sys_init) refers to rt_list.o(.bss) for os_rdy
    rt_task.o(i.rt_sys_init) refers to rt_task.o(.data) for .data
    rt_task.o(i.rt_sys_init) refers to rtx_conf_cm.o(.bss) for os_fifo
    rt_task.o(i.rt_sys_init) refers to rtx_conf_cm.o(.constdata) for os_fifo_size
    rt_task.o(i.rt_sys_init) refers to rt_system.o(.data) for os_tick_irqn
    rt_task.o(i.rt_tsk_create) refers to rt_membox.o(i.rt_alloc_box) for rt_alloc_box
    rt_task.o(i.rt_tsk_create) refers to rt_task.o(i.rt_init_context) for rt_init_context
    rt_task.o(i.rt_tsk_create) refers to hal_cm3.o(i.dbg_task_notify) for dbg_task_notify
    rt_task.o(i.rt_tsk_create) refers to rt_task.o(i.rt_dispatch) for rt_dispatch
    rt_task.o(i.rt_tsk_create) refers to rtx_conf_cm.o(.bss) for mp_tcb
    rt_task.o(i.rt_tsk_create) refers to rtx_conf_cm.o(.bss) for os_active_TCB
    rt_task.o(i.rt_tsk_create) refers to rtx_conf_cm.o(.constdata) for os_maxtaskrun
    rt_task.o(i.rt_tsk_create) refers to hal_cm3.o(.data) for dbg_msg
    rt_task.o(i.rt_tsk_create) refers to rt_task.o(.data) for .data
    rt_task.o(i.rt_tsk_delete) refers to hal_cm3.o(.emb_text) for rt_get_PSP
    rt_task.o(i.rt_tsk_delete) refers to rt_system.o(i.rt_stk_check) for rt_stk_check
    rt_task.o(i.rt_tsk_delete) refers to rt_membox.o(i.rt_free_box) for rt_free_box
    rt_task.o(i.rt_tsk_delete) refers to hal_cm3.o(i.dbg_task_notify) for dbg_task_notify
    rt_task.o(i.rt_tsk_delete) refers to rt_task.o(i.rt_dispatch) for rt_dispatch
    rt_task.o(i.rt_tsk_delete) refers to rt_list.o(i.rt_rmv_list) for rt_rmv_list
    rt_task.o(i.rt_tsk_delete) refers to rt_list.o(i.rt_rmv_dly) for rt_rmv_dly
    rt_task.o(i.rt_tsk_delete) refers to hal_cm3.o(.data) for dbg_msg
    rt_task.o(i.rt_tsk_delete) refers to rt_task.o(.data) for .data
    rt_task.o(i.rt_tsk_delete) refers to rtx_conf_cm.o(.bss) for os_active_TCB
    rt_task.o(i.rt_tsk_delete) refers to rtx_conf_cm.o(.bss) for mp_stk
    rt_task.o(i.rt_tsk_delete) refers to rtx_conf_cm.o(.bss) for mp_tcb
    rt_task.o(i.rt_tsk_delete) refers to rtx_conf_cm.o(.constdata) for os_maxtaskrun
    rt_task.o(i.rt_tsk_pass) refers to rt_list.o(i.rt_get_same_rdy_prio) for rt_get_same_rdy_prio
    rt_task.o(i.rt_tsk_pass) refers to rt_list.o(i.rt_put_prio) for rt_put_prio
    rt_task.o(i.rt_tsk_pass) refers to rt_task.o(i.rt_switch_req) for rt_switch_req
    rt_task.o(i.rt_tsk_pass) refers to rt_task.o(.data) for .data
    rt_task.o(i.rt_tsk_pass) refers to rt_list.o(.bss) for os_rdy
    rt_task.o(i.rt_tsk_prio) refers to rt_list.o(i.rt_put_prio) for rt_put_prio
    rt_task.o(i.rt_tsk_prio) refers to rt_list.o(i.rt_resort_prio) for rt_resort_prio
    rt_task.o(i.rt_tsk_prio) refers to rt_list.o(i.rt_get_first) for rt_get_first
    rt_task.o(i.rt_tsk_prio) refers to rt_task.o(i.rt_dispatch) for rt_dispatch
    rt_task.o(i.rt_tsk_prio) refers to rt_task.o(.data) for .data
    rt_task.o(i.rt_tsk_prio) refers to rtx_conf_cm.o(.constdata) for os_maxtaskrun
    rt_task.o(i.rt_tsk_prio) refers to rtx_conf_cm.o(.bss) for os_active_TCB
    rt_task.o(i.rt_tsk_prio) refers to rt_list.o(.bss) for os_rdy
    rt_task.o(i.rt_tsk_self) refers to rt_task.o(.data) for .data
    rt_time.o(i.rt_dly_wait) refers to rt_task.o(i.rt_block) for rt_block
    rt_time.o(i.rt_itv_set) refers to rt_task.o(.data) for os_tsk
    rt_time.o(i.rt_itv_set) refers to rt_time.o(.data) for .data
    rt_time.o(i.rt_itv_wait) refers to rt_task.o(i.rt_block) for rt_block
    rt_time.o(i.rt_itv_wait) refers to rt_task.o(.data) for os_tsk
    rt_time.o(i.rt_itv_wait) refers to rt_time.o(.data) for .data
    rt_time.o(i.rt_time_get) refers to rt_time.o(.data) for .data
    rt_mutex.o(i.rt_mut_release) refers to rt_list.o(i.rt_get_first) for rt_get_first
    rt_mutex.o(i.rt_mut_release) refers to rt_list.o(i.rt_rmv_dly) for rt_rmv_dly
    rt_mutex.o(i.rt_mut_release) refers to rt_list.o(i.rt_put_prio) for rt_put_prio
    rt_mutex.o(i.rt_mut_release) refers to rt_task.o(i.rt_dispatch) for rt_dispatch
    rt_mutex.o(i.rt_mut_release) refers to rt_task.o(.data) for os_tsk
    rt_mutex.o(i.rt_mut_release) refers to rt_list.o(.bss) for os_rdy
    rt_mutex.o(i.rt_mut_wait) refers to rt_list.o(i.rt_resort_prio) for rt_resort_prio
    rt_mutex.o(i.rt_mut_wait) refers to rt_list.o(i.rt_put_prio) for rt_put_prio
    rt_mutex.o(i.rt_mut_wait) refers to rt_task.o(i.rt_block) for rt_block
    rt_mutex.o(i.rt_mut_wait) refers to rt_task.o(.data) for os_tsk
    hal_cm3.o(.emb_text) refers to rtx_conf_cm.o(.constdata) for os_flags
    hal_cm3.o(.emb_text) refers to rt_membox.o(i.rt_alloc_box) for rt_alloc_box
    hal_cm3.o(.emb_text) refers to rt_membox.o(i.rt_free_box) for rt_free_box
    hal_cm3.o(.emb_text) refers to rt_system.o(i.rt_stk_check) for rt_stk_check
    hal_cm3.o(.emb_text) refers to rt_task.o(.data) for os_tsk
    hal_cm3.o(.emb_text) refers to SVC_Table.o(SVC_TABLE) for SVC_Count
    hal_cm3.o(.emb_text) refers to rt_system.o(i.rt_pop_req) for rt_pop_req
    hal_cm3.o(.emb_text) refers to rt_system.o(i.rt_systick) for rt_systick
    hal_cm3.o(.emb_text) refers to rt_system.o(i.os_tick_irqack) for os_tick_irqack
    hal_cm3.o(i.dbg_init) refers to hal_cm3.o(.data) for .data
    hal_cm3.o(i.rt_init_stack) refers to rtx_conf_cm.o(.constdata) for os_stackinfo
    rt_system.o(i.os_tick_init) refers to rtx_conf_cm.o(.constdata) for os_trv
    rt_system.o(i.rt_pop_req) refers to rt_list.o(i.rt_put_rdy_first) for rt_put_rdy_first
    rt_system.o(i.rt_pop_req) refers to rt_semaphore.o(i.rt_sem_psh) for rt_sem_psh
    rt_system.o(i.rt_pop_req) refers to rt_list.o(i.rt_get_first) for rt_get_first
    rt_system.o(i.rt_pop_req) refers to rt_task.o(i.rt_switch_req) for rt_switch_req
    rt_system.o(i.rt_pop_req) refers to rt_event.o(i.rt_evt_psh) for rt_evt_psh
    rt_system.o(i.rt_pop_req) refers to rt_mailbox.o(i.rt_mbx_psh) for rt_mbx_psh
    rt_system.o(i.rt_pop_req) refers to rt_task.o(.data) for os_tsk
    rt_system.o(i.rt_pop_req) refers to rtx_conf_cm.o(.bss) for os_fifo
    rt_system.o(i.rt_pop_req) refers to rt_list.o(.bss) for os_rdy
    rt_system.o(i.rt_psh_req) refers to rt_system.o(.data) for .data
    rt_system.o(i.rt_resume) refers to rt_list.o(i.rt_put_rdy_first) for rt_put_rdy_first
    rt_system.o(i.rt_resume) refers to rt_list.o(i.rt_dec_dly) for rt_dec_dly
    rt_system.o(i.rt_resume) refers to rt_timer.o(i.rt_tmr_tick) for rt_tmr_tick
    rt_system.o(i.rt_resume) refers to rt_list.o(i.rt_get_first) for rt_get_first
    rt_system.o(i.rt_resume) refers to rt_task.o(i.rt_switch_req) for rt_switch_req
    rt_system.o(i.rt_resume) refers to rt_system.o(i.rt_tsk_unlock) for rt_tsk_unlock
    rt_system.o(i.rt_resume) refers to rt_task.o(.data) for os_tsk
    rt_system.o(i.rt_resume) refers to rt_robin.o(.data) for os_robin
    rt_system.o(i.rt_resume) refers to rt_list.o(.bss) for os_dly
    rt_system.o(i.rt_resume) refers to rt_time.o(.data) for os_time
    rt_system.o(i.rt_resume) refers to rt_timer.o(.data) for os_tmr
    rt_system.o(i.rt_stk_check) refers to rtx_conf_cm.o(.text) for os_error
    rt_system.o(i.rt_stk_check) refers to rt_task.o(.data) for os_tsk
    rt_system.o(i.rt_suspend) refers to rt_system.o(i.rt_tsk_lock) for rt_tsk_lock
    rt_system.o(i.rt_suspend) refers to rt_list.o(.bss) for os_dly
    rt_system.o(i.rt_suspend) refers to rt_timer.o(.data) for os_tmr
    rt_system.o(i.rt_systick) refers to rt_list.o(i.rt_put_rdy_first) for rt_put_rdy_first
    rt_system.o(i.rt_systick) refers to rt_robin.o(i.rt_chk_robin) for rt_chk_robin
    rt_system.o(i.rt_systick) refers to rt_list.o(i.rt_dec_dly) for rt_dec_dly
    rt_system.o(i.rt_systick) refers to rt_timer.o(i.rt_tmr_tick) for rt_tmr_tick
    rt_system.o(i.rt_systick) refers to rt_list.o(i.rt_get_first) for rt_get_first
    rt_system.o(i.rt_systick) refers to rt_task.o(i.rt_switch_req) for rt_switch_req
    rt_system.o(i.rt_systick) refers to rt_task.o(.data) for os_tsk
    rt_system.o(i.rt_systick) refers to rt_time.o(.data) for os_time
    rt_system.o(i.rt_systick) refers to rt_list.o(.bss) for os_rdy
    rt_system.o(i.rt_tsk_lock) refers to rt_system.o(.data) for .data
    rt_system.o(i.rt_tsk_unlock) refers to rt_system.o(.data) for .data
    rt_list.o(i.rt_dec_dly) refers to rt_list.o(i.rt_put_prio) for rt_put_prio
    rt_list.o(i.rt_dec_dly) refers to rt_list.o(.bss) for .bss
    rt_list.o(i.rt_dec_dly) refers to rt_time.o(.data) for os_time
    rt_list.o(i.rt_get_same_rdy_prio) refers to rt_list.o(.bss) for .bss
    rt_list.o(i.rt_get_same_rdy_prio) refers to rt_task.o(.data) for os_tsk
    rt_list.o(i.rt_psq_enq) refers to rtx_conf_cm.o(.text) for os_error
    rt_list.o(i.rt_psq_enq) refers to rtx_conf_cm.o(.bss) for os_fifo
    rt_list.o(i.rt_put_dly) refers to rt_list.o(.bss) for .bss
    rt_list.o(i.rt_put_rdy_first) refers to rt_list.o(.bss) for .bss
    rt_list.o(i.rt_resort_prio) refers to rt_list.o(i.rt_rmv_list) for rt_rmv_list
    rt_list.o(i.rt_resort_prio) refers to rt_list.o(i.rt_put_prio) for rt_put_prio
    rt_list.o(i.rt_resort_prio) refers to rt_list.o(.bss) for .bss
    rt_list.o(i.rt_rmv_list) refers to rt_list.o(.bss) for .bss
    rt_robin.o(i.rt_chk_robin) refers to rt_list.o(i.rt_get_first) for rt_get_first
    rt_robin.o(i.rt_chk_robin) refers to rt_list.o(i.rt_put_prio) for rt_put_prio
    rt_robin.o(i.rt_chk_robin) refers to rt_robin.o(.data) for .data
    rt_robin.o(i.rt_chk_robin) refers to rt_list.o(.bss) for os_rdy
    rt_robin.o(i.rt_chk_robin) refers to rt_time.o(.data) for os_time
    rt_robin.o(i.rt_init_robin) refers to rt_robin.o(.data) for .data
    rt_robin.o(i.rt_init_robin) refers to rtx_conf_cm.o(.constdata) for os_rrobin
    rt_membox.o(i._calloc_box) refers to hal_cm3.o(.emb_text) for _alloc_box
    rt_event.o(i.isr_evt_set) refers to rt_list.o(i.rt_psq_enq) for rt_psq_enq
    rt_event.o(i.isr_evt_set) refers to rt_system.o(i.rt_psh_req) for rt_psh_req
    rt_event.o(i.isr_evt_set) refers to rtx_conf_cm.o(.bss) for os_active_TCB
    rt_event.o(i.rt_evt_clr) refers to rtx_conf_cm.o(.bss) for os_active_TCB
    rt_event.o(i.rt_evt_get) refers to rt_task.o(.data) for os_tsk
    rt_event.o(i.rt_evt_psh) refers to rt_list.o(i.rt_rmv_dly) for rt_rmv_dly
    rt_event.o(i.rt_evt_psh) refers to rt_list.o(i.rt_put_prio) for rt_put_prio
    rt_event.o(i.rt_evt_psh) refers to rt_list.o(.bss) for os_rdy
    rt_event.o(i.rt_evt_set) refers to rt_list.o(i.rt_rmv_dly) for rt_rmv_dly
    rt_event.o(i.rt_evt_set) refers to rt_task.o(i.rt_dispatch) for rt_dispatch
    rt_event.o(i.rt_evt_set) refers to rtx_conf_cm.o(.bss) for os_active_TCB
    rt_event.o(i.rt_evt_wait) refers to rt_task.o(i.rt_block) for rt_block
    rt_event.o(i.rt_evt_wait) refers to rt_task.o(.data) for os_tsk
    rt_mailbox.o(i.isr_mbx_receive) refers to rt_list.o(i.rt_psq_enq) for rt_psq_enq
    rt_mailbox.o(i.isr_mbx_receive) refers to rt_system.o(i.rt_psh_req) for rt_psh_req
    rt_mailbox.o(i.isr_mbx_send) refers to rt_list.o(i.rt_psq_enq) for rt_psq_enq
    rt_mailbox.o(i.isr_mbx_send) refers to rt_system.o(i.rt_psh_req) for rt_psh_req
    rt_mailbox.o(i.rt_mbx_psh) refers to rt_list.o(i.rt_get_first) for rt_get_first
    rt_mailbox.o(i.rt_mbx_psh) refers to rt_list.o(i.rt_rmv_dly) for rt_rmv_dly
    rt_mailbox.o(i.rt_mbx_psh) refers to rt_list.o(i.rt_put_prio) for rt_put_prio
    rt_mailbox.o(i.rt_mbx_psh) refers to rtx_conf_cm.o(.text) for os_error
    rt_mailbox.o(i.rt_mbx_psh) refers to rt_list.o(.bss) for os_rdy
    rt_mailbox.o(i.rt_mbx_send) refers to rt_list.o(i.rt_put_prio) for rt_put_prio
    rt_mailbox.o(i.rt_mbx_send) refers to rt_list.o(i.rt_get_first) for rt_get_first
    rt_mailbox.o(i.rt_mbx_send) refers to rt_list.o(i.rt_rmv_dly) for rt_rmv_dly
    rt_mailbox.o(i.rt_mbx_send) refers to rt_task.o(i.rt_dispatch) for rt_dispatch
    rt_mailbox.o(i.rt_mbx_send) refers to rt_task.o(i.rt_block) for rt_block
    rt_mailbox.o(i.rt_mbx_send) refers to rt_task.o(.data) for os_tsk
    rt_mailbox.o(i.rt_mbx_wait) refers to rt_list.o(i.rt_get_first) for rt_get_first
    rt_mailbox.o(i.rt_mbx_wait) refers to rt_list.o(i.rt_rmv_dly) for rt_rmv_dly
    rt_mailbox.o(i.rt_mbx_wait) refers to rt_task.o(i.rt_dispatch) for rt_dispatch
    rt_mailbox.o(i.rt_mbx_wait) refers to rt_list.o(i.rt_put_prio) for rt_put_prio
    rt_mailbox.o(i.rt_mbx_wait) refers to rt_task.o(i.rt_block) for rt_block
    rt_mailbox.o(i.rt_mbx_wait) refers to rt_task.o(.data) for os_tsk
    rt_semaphore.o(i.isr_sem_send) refers to rt_list.o(i.rt_psq_enq) for rt_psq_enq
    rt_semaphore.o(i.isr_sem_send) refers to rt_system.o(i.rt_psh_req) for rt_psh_req
    rt_semaphore.o(i.rt_sem_psh) refers to rt_list.o(i.rt_get_first) for rt_get_first
    rt_semaphore.o(i.rt_sem_psh) refers to rt_list.o(i.rt_rmv_dly) for rt_rmv_dly
    rt_semaphore.o(i.rt_sem_psh) refers to rt_list.o(i.rt_put_prio) for rt_put_prio
    rt_semaphore.o(i.rt_sem_psh) refers to rt_list.o(.bss) for os_rdy
    rt_semaphore.o(i.rt_sem_send) refers to rt_list.o(i.rt_get_first) for rt_get_first
    rt_semaphore.o(i.rt_sem_send) refers to rt_list.o(i.rt_rmv_dly) for rt_rmv_dly
    rt_semaphore.o(i.rt_sem_send) refers to rt_task.o(i.rt_dispatch) for rt_dispatch
    rt_semaphore.o(i.rt_sem_send) refers to rt_task.o(.data) for os_tsk
    rt_semaphore.o(i.rt_sem_wait) refers to rt_list.o(i.rt_put_prio) for rt_put_prio
    rt_semaphore.o(i.rt_sem_wait) refers to rt_task.o(i.rt_block) for rt_block
    rt_semaphore.o(i.rt_sem_wait) refers to rt_task.o(.data) for os_tsk
    rt_timer.o(i.rt_tmr_create) refers to rt_membox.o(i.rt_alloc_box) for rt_alloc_box
    rt_timer.o(i.rt_tmr_create) refers to rtx_conf_cm.o(.data) for m_tmr
    rt_timer.o(i.rt_tmr_create) refers to rt_timer.o(.data) for .data
    rt_timer.o(i.rt_tmr_kill) refers to rt_membox.o(i.rt_free_box) for rt_free_box
    rt_timer.o(i.rt_tmr_kill) refers to rt_timer.o(.data) for .data
    rt_timer.o(i.rt_tmr_kill) refers to rtx_conf_cm.o(.data) for m_tmr
    rt_timer.o(i.rt_tmr_tick) refers to rtx_conf_cm.o(.text) for os_tmr_call
    rt_timer.o(i.rt_tmr_tick) refers to rt_membox.o(i.rt_free_box) for rt_free_box
    rt_timer.o(i.rt_tmr_tick) refers to rt_timer.o(.data) for .data
    rt_timer.o(i.rt_tmr_tick) refers to rtx_conf_cm.o(.data) for m_tmr
    entry.o(.ARM.Collect$$$$00000000) refers (Special) to entry7b.o(.ARM.Collect$$$$00000008) for _main_clock
    entry.o(.ARM.Collect$$$$00000000) refers (Special) to entry8.o(.ARM.Collect$$$$00000009) for _main_init
    entry.o(.ARM.Collect$$$$00000000) refers (Special) to entry5.o(.ARM.Collect$$$$00000004) for _main_scatterload
    entry.o(.ARM.Collect$$$$00000000) refers (Special) to entry2.o(.ARM.Collect$$$$00000001) for _main_stk
    uldiv.o(.text) refers to llushr.o(.text) for __aeabi_llsr
    uldiv.o(.text) refers to llshl.o(.text) for __aeabi_llsl
    entry2.o(.ARM.Collect$$$$00000001) refers to entry2.o(.ARM.Collect$$$$00002712) for __lit__00000000
    entry2.o(.ARM.Collect$$$$00002712) refers to startup_lpc17xx.o(STACK) for __initial_sp
    entry2.o(__vectab_stack_and_reset_area) refers to startup_lpc17xx.o(STACK) for __initial_sp
    entry2.o(__vectab_stack_and_reset_area) refers to entry.o(.ARM.Collect$$$$00000000) for __main
    entry5.o(.ARM.Collect$$$$00000004) refers to init.o(.text) for __scatterload
    entry8.o(.ARM.Collect$$$$00000009) refers to main.o(.text) for main
    init.o(.text) refers to entry5.o(.ARM.Collect$$$$00000004) for __main_after_scatterload


==============================================================================

Removing Unused input sections from the image.

    Removing startup_lpc17xx.o(HEAP), (0 bytes).
    Removing system_lpc17xx.o(.rev16_text), (4 bytes).
    Removing system_lpc17xx.o(.revsh_text), (4 bytes).
    Removing glcd_spi_lpc1700.o(.rev16_text), (4 bytes).
    Removing glcd_spi_lpc1700.o(.revsh_text), (4 bytes).
    Removing led.o(.rev16_text), (4 bytes).
    Removing led.o(.revsh_text), (4 bytes).
    Removing main.o(.rev16_text), (4 bytes).
    Removing main.o(.revsh_text), (4 bytes).
    Removing main.o(.data), (4 bytes).
    Removing main.o(.data), (4 bytes).
    Removing main.o(.data), (4 bytes).
    Removing main.o(.data), (4 bytes).
    Removing main.o(.data), (4 bytes).
    Removing main.o(.data), (4 bytes).
    Removing main.o(.data), (1 bytes).
    Removing kbd.o(.rev16_text), (4 bytes).
    Removing kbd.o(.revsh_text), (4 bytes).
    Removing kbd.o(.data), (4 bytes).
    Removing kbd.o(.data), (4 bytes).
    Removing adc.o(.rev16_text), (4 bytes).
    Removing adc.o(.revsh_text), (4 bytes).
    Removing rt_task.o(i.rt_tsk_pass), (48 bytes).
    Removing rt_task.o(i.rt_tsk_prio), (128 bytes).
    Removing rt_task.o(i.rt_tsk_self), (16 bytes).
    Removing rt_time.o(i.rt_itv_set), (24 bytes).
    Removing rt_time.o(i.rt_itv_wait), (44 bytes).
    Removing rt_time.o(i.rt_time_get), (12 bytes).
    Removing rt_system.o(.emb_text), (0 bytes).
    Removing rt_system.o(i.rt_psh_req), (32 bytes).
    Removing rt_system.o(i.rt_resume), (176 bytes).
    Removing rt_system.o(i.rt_suspend), (44 bytes).
    Removing rt_system.o(i.rt_tsk_lock), (80 bytes).
    Removing rt_system.o(i.rt_tsk_unlock), (80 bytes).
    Removing rt_list.o(i.rt_get_same_rdy_prio), (36 bytes).
    Removing rt_list.o(i.rt_psq_enq), (88 bytes).
    Removing rt_membox.o(i._calloc_box), (30 bytes).
    Removing rt_event.o(i.isr_evt_set), (40 bytes).
    Removing rt_event.o(i.rt_evt_clr), (28 bytes).
    Removing rt_event.o(i.rt_evt_get), (12 bytes).
    Removing rt_event.o(i.rt_evt_set), (96 bytes).
    Removing rt_event.o(i.rt_evt_wait), (64 bytes).
    Removing rt_mailbox.o(i.isr_mbx_receive), (84 bytes).
    Removing rt_mailbox.o(i.isr_mbx_send), (14 bytes).
    Removing rt_mailbox.o(i.rt_mbx_check), (8 bytes).
    Removing rt_mailbox.o(i.rt_mbx_init), (26 bytes).
    Removing rt_mailbox.o(i.rt_mbx_send), (160 bytes).
    Removing rt_mailbox.o(i.rt_mbx_wait), (184 bytes).
    Removing rt_semaphore.o(i.isr_sem_send), (16 bytes).
    Removing rt_semaphore.o(i.rt_sem_init), (12 bytes).
    Removing rt_semaphore.o(i.rt_sem_send), (56 bytes).
    Removing rt_semaphore.o(i.rt_sem_wait), (60 bytes).
    Removing rt_timer.o(i.rt_tmr_create), (80 bytes).
    Removing rt_timer.o(i.rt_tmr_kill), (52 bytes).

54 unused section(s) (total 1911 bytes) removed from the image.

==============================================================================

Image Symbol Table

    Local Symbols

    Symbol Name                              Value     Ov Type        Size  Object(Section)

    RESET                                    0x00000000   Section      204  startup_lpc17xx.o(RESET)
    ../clib/../cmprslib/lz77c.c              0x00000000   Number         0  __dclz77c.o ABSOLUTE
    ../clib/microlib/division.c              0x00000000   Number         0  uldiv.o ABSOLUTE
    ../clib/microlib/init/entry.s            0x00000000   Number         0  entry7b.o ABSOLUTE
    ../clib/microlib/init/entry.s            0x00000000   Number         0  entry2.o ABSOLUTE
    ../clib/microlib/init/entry.s            0x00000000   Number         0  entry5.o ABSOLUTE
    ../clib/microlib/init/entry.s            0x00000000   Number         0  entry7a.o ABSOLUTE
    ../clib/microlib/init/entry.s            0x00000000   Number         0  entry8.o ABSOLUTE
    ../clib/microlib/init/entry.s            0x00000000   Number         0  entry.o ABSOLUTE
    ../clib/microlib/longlong.c              0x00000000   Number         0  llushr.o ABSOLUTE
    ../clib/microlib/longlong.c              0x00000000   Number         0  llshl.o ABSOLUTE
    ../clib/microlib/string/memcpy.c         0x00000000   Number         0  memcpyb.o ABSOLUTE
    ../clib/microlib/string/memcpy.c         0x00000000   Number         0  memcpya.o ABSOLUTE
    ADC.c                                    0x00000000   Number         0  adc.o ABSOLUTE
    ADC.c                                    0x00000000   Number         0  adc.o ABSOLUTE
    GLCD_SPI_LPC1700.c                       0x00000000   Number         0  glcd_spi_lpc1700.o ABSOLUTE
    GLCD_SPI_LPC1700.c                       0x00000000   Number         0  glcd_spi_lpc1700.o ABSOLUTE
    KBD.c                                    0x00000000   Number         0  kbd.o ABSOLUTE
    KBD.c                                    0x00000000   Number         0  kbd.o ABSOLUTE
    LED.c                                    0x00000000   Number         0  led.o ABSOLUTE
    LED.c                                    0x00000000   Number         0  led.o ABSOLUTE
    Main.c                                   0x00000000   Number         0  main.o ABSOLUTE
    Main.c                                   0x00000000   Number         0  main.o ABSOLUTE
    RTX_Conf_CM.c                            0x00000000   Number         0  rtx_conf_cm.o ABSOLUTE
    SRC\CM\HAL_CM3.c                         0x00000000   Number         0  hal_cm3.o ABSOLUTE
    SRC\CM\SVC_Table.s                       0x00000000   Number         0  SVC_Table.o ABSOLUTE
    SRC\CM\rt_Event.c                        0x00000000   Number         0  rt_event.o ABSOLUTE
    SRC\CM\rt_List.c                         0x00000000   Number         0  rt_list.o ABSOLUTE
    SRC\CM\rt_Mailbox.c                      0x00000000   Number         0  rt_mailbox.o ABSOLUTE
    SRC\CM\rt_MemBox.c                       0x00000000   Number         0  rt_membox.o ABSOLUTE
    SRC\CM\rt_Mutex.c                        0x00000000   Number         0  rt_mutex.o ABSOLUTE
    SRC\CM\rt_Robin.c                        0x00000000   Number         0  rt_robin.o ABSOLUTE
    SRC\CM\rt_Semaphore.c                    0x00000000   Number         0  rt_semaphore.o ABSOLUTE
    SRC\CM\rt_System.c                       0x00000000   Number         0  rt_system.o ABSOLUTE
    SRC\CM\rt_Task.c                         0x00000000   Number         0  rt_task.o ABSOLUTE
    SRC\CM\rt_Time.c                         0x00000000   Number         0  rt_time.o ABSOLUTE
    SRC\CM\rt_Timer.c                        0x00000000   Number         0  rt_timer.o ABSOLUTE
    SRC\\CM\\HAL_CM3.c                       0x00000000   Number         0  hal_cm3.o ABSOLUTE
    SRC\\CM\\rt_System.c                     0x00000000   Number         0  rt_system.o ABSOLUTE
    dc.s                                     0x00000000   Number         0  dc.o ABSOLUTE
    extraThreads.c                           0x00000000   Number         0  extrathreads.o ABSOLUTE
    handlers.s                               0x00000000   Number         0  handlers.o ABSOLUTE
    init.s                                   0x00000000   Number         0  init.o ABSOLUTE
    startup_LPC17xx.s                        0x00000000   Number         0  startup_lpc17xx.o ABSOLUTE
    system_LPC17xx.c                         0x00000000   Number         0  system_lpc17xx.o ABSOLUTE
    system_LPC17xx.c                         0x00000000   Number         0  system_lpc17xx.o ABSOLUTE
    .ARM.Collect$$$$00000000                 0x000000cc   Section        0  entry.o(.ARM.Collect$$$$00000000)
    .ARM.Collect$$$$00000001                 0x000000cc   Section        4  entry2.o(.ARM.Collect$$$$00000001)
    .ARM.Collect$$$$00000004                 0x000000d0   Section        4  entry5.o(.ARM.Collect$$$$00000004)
    .ARM.Collect$$$$00000008                 0x000000d4   Section        0  entry7b.o(.ARM.Collect$$$$00000008)
    .ARM.Collect$$$$00000009                 0x000000d4   Section        8  entry8.o(.ARM.Collect$$$$00000009)
    .ARM.Collect$$$$00002712                 0x000000dc   Section        4  entry2.o(.ARM.Collect$$$$00002712)
    __lit__00000000                          0x000000dc   Data           4  entry2.o(.ARM.Collect$$$$00002712)
    .emb_text                                0x000000e0   Section      340  hal_cm3.o(.emb_text)
    .text                                    0x00000234   Section       36  startup_lpc17xx.o(.text)
    .text                                    0x00000258   Section        0  rtx_conf_cm.o(.text)
    .text                                    0x00000260   Section        0  kbd.o(.text)
    .text                                    0x000002a8   Section        0  memcpya.o(.text)
    .text                                    0x000002cc   Section        0  llshl.o(.text)
    SVC_TABLE                                0x000002ec   Section        4  SVC_Table.o(SVC_TABLE)
    i.__scatterload_null                     0x000002f0   Section        2  handlers.o(i.__scatterload_null)
    i.os_tick_irqack                         0x000002f2   Section        0  rt_system.o(i.os_tick_irqack)
    i.rt_dly_wait                            0x000002f4   Section        0  rt_time.o(i.rt_dly_wait)
    .constdata                               0x000002fa   Section        2  rtx_conf_cm.o(.constdata)
    .ARM.__at_0x02FC                         0x000002fc   Section        4  startup_lpc17xx.o(.ARM.__at_0x02FC)
    .text                                    0x00000300   Section        0  system_lpc17xx.o(.text)
    .text                                    0x000004a4   Section        0  glcd_spi_lpc1700.o(.text)
    spi_tran_man                             0x000004a5   Thumb Code   106  glcd_spi_lpc1700.o(.text)
    delay                                    0x00000df7   Thumb Code     8  glcd_spi_lpc1700.o(.text)
    spi_tran                                 0x00000dff   Thumb Code    16  glcd_spi_lpc1700.o(.text)
    wr_cmd                                   0x00000e0f   Thumb Code    32  glcd_spi_lpc1700.o(.text)
    wr_dat                                   0x00000e2f   Thumb Code    32  glcd_spi_lpc1700.o(.text)
    wr_dat_start                             0x00000e4f   Thumb Code    10  glcd_spi_lpc1700.o(.text)
    wr_dat_only                              0x00000e59   Thumb Code    18  glcd_spi_lpc1700.o(.text)
    wr_reg                                   0x00000e6b   Thumb Code    16  glcd_spi_lpc1700.o(.text)
    rd_id_man                                0x00000e7b   Thumb Code   130  glcd_spi_lpc1700.o(.text)
    .text                                    0x00000efc   Section        0  led.o(.text)
    .text                                    0x00000fa0   Section        0  main.o(.text)
    .text                                    0x0000202c   Section        0  adc.o(.text)
    .text                                    0x00002084   Section        0  uldiv.o(.text)
    .text                                    0x000020e6   Section        0  llushr.o(.text)
    .text                                    0x00002108   Section       36  init.o(.text)
    .text                                    0x0000212c   Section        0  __dclz77c.o(.text)
    i.__scatterload_copy                     0x0000218c   Section       14  handlers.o(i.__scatterload_copy)
    i.__scatterload_zeroinit                 0x0000219a   Section       14  handlers.o(i.__scatterload_zeroinit)
    i._init_box                              0x000021a8   Section        0  rt_membox.o(i._init_box)
    i.dbg_init                               0x000021f0   Section        0  hal_cm3.o(i.dbg_init)
    i.dbg_task_notify                        0x00002220   Section        0  hal_cm3.o(i.dbg_task_notify)
    i.dbg_task_switch                        0x00002240   Section        0  hal_cm3.o(i.dbg_task_switch)
    i.os_tick_init                           0x00002250   Section        0  rt_system.o(i.os_tick_init)
    i.rt_alloc_box                           0x00002278   Section        0  rt_membox.o(i.rt_alloc_box)
    i.rt_block                               0x00002294   Section        0  rt_task.o(i.rt_block)
    i.rt_chk_robin                           0x000022cc   Section        0  rt_robin.o(i.rt_chk_robin)
    i.rt_dec_dly                             0x00002314   Section        0  rt_list.o(i.rt_dec_dly)
    i.rt_dispatch                            0x00002388   Section        0  rt_task.o(i.rt_dispatch)
    i.rt_evt_psh                             0x000023cc   Section        0  rt_event.o(i.rt_evt_psh)
    i.rt_free_box                            0x00002418   Section        0  rt_membox.o(i.rt_free_box)
    i.rt_get_first                           0x00002438   Section        0  rt_list.o(i.rt_get_first)
    i.rt_init_context                        0x00002460   Section        0  rt_task.o(i.rt_init_context)
    rt_init_context                          0x00002461   Thumb Code    64  rt_task.o(i.rt_init_context)
    i.rt_init_robin                          0x000024a4   Section        0  rt_robin.o(i.rt_init_robin)
    i.rt_init_stack                          0x000024bc   Section        0  hal_cm3.o(i.rt_init_stack)
    i.rt_mbx_psh                             0x0000250c   Section        0  rt_mailbox.o(i.rt_mbx_psh)
    i.rt_mut_init                            0x000025cc   Section        0  rt_mutex.o(i.rt_mut_init)
    i.rt_mut_release                         0x000025dc   Section        0  rt_mutex.o(i.rt_mut_release)
    i.rt_mut_wait                            0x00002688   Section        0  rt_mutex.o(i.rt_mut_wait)
    i.rt_pop_req                             0x000026ec   Section        0  rt_system.o(i.rt_pop_req)
    i.rt_put_dly                             0x00002764   Section        0  rt_list.o(i.rt_put_dly)
    i.rt_put_prio                            0x000027ac   Section        0  rt_list.o(i.rt_put_prio)
    i.rt_put_rdy_first                       0x000027e4   Section        0  rt_list.o(i.rt_put_rdy_first)
    i.rt_resort_prio                         0x000027f8   Section        0  rt_list.o(i.rt_resort_prio)
    i.rt_rmv_dly                             0x0000282c   Section        0  rt_list.o(i.rt_rmv_dly)
    i.rt_rmv_list                            0x00002854   Section        0  rt_list.o(i.rt_rmv_list)
    i.rt_sem_psh                             0x00002884   Section        0  rt_semaphore.o(i.rt_sem_psh)
    i.rt_stk_check                           0x000028b8   Section        0  rt_system.o(i.rt_stk_check)
    i.rt_switch_req                          0x000028dc   Section        0  rt_task.o(i.rt_switch_req)
    i.rt_sys_init                            0x00002904   Section        0  rt_task.o(i.rt_sys_init)
    i.rt_systick                             0x00002a5c   Section        0  rt_system.o(i.rt_systick)
    i.rt_tmr_tick                            0x00002a98   Section        0  rt_timer.o(i.rt_tmr_tick)
    i.rt_tsk_create                          0x00002ad8   Section        0  rt_task.o(i.rt_tsk_create)
    i.rt_tsk_delete                          0x00002b6c   Section        0  rt_task.o(i.rt_tsk_delete)
    .constdata                               0x00002c28   Section        4  rtx_conf_cm.o(.constdata)
    .constdata                               0x00002c2c   Section        4  rtx_conf_cm.o(.constdata)
    .constdata                               0x00002c30   Section        4  rtx_conf_cm.o(.constdata)
    .constdata                               0x00002c34   Section        1  rtx_conf_cm.o(.constdata)
    .constdata                               0x00002c38   Section        8  rtx_conf_cm.o(.constdata)
    __tagsym$$used                           0x00002c38   Number         0  rtx_conf_cm.o(.constdata)
    __tagsym$$used                           0x00002c3c   Number         0  rtx_conf_cm.o(.constdata)
    .constdata                               0x00002c40   Section        2  rtx_conf_cm.o(.constdata)
    .constdata                               0x00002c44   Section        4  rtx_conf_cm.o(.constdata)
    .constdata                               0x00002c48   Section        1  rtx_conf_cm.o(.constdata)
    .constdata                               0x00002c4a   Section        2  rtx_conf_cm.o(.constdata)
    .constdata                               0x00002c4c   Section     6272  glcd_spi_lpc1700.o(.constdata)
    .constdata                               0x000044cc   Section       32  led.o(.constdata)
    .data                                    0x10000000   Section        4  system_lpc17xx.o(.data)
    .data                                    0x10000004   Section        4  rtx_conf_cm.o(.data)
    .data                                    0x10000008   Section        6  glcd_spi_lpc1700.o(.data)
    Himax                                    0x10000008   Data           1  glcd_spi_lpc1700.o(.data)
    Color                                    0x1000000a   Data           4  glcd_spi_lpc1700.o(.data)
    .data                                    0x10000010   Section    14369  main.o(.data)
    .data                                    0x10003834   Section        4  main.o(.data)
    .data                                    0x10003838   Section        4  main.o(.data)
    .data                                    0x1000383c   Section        8  rt_task.o(.data)
    .data                                    0x10003844   Section        4  rt_time.o(.data)
    .data                                    0x10003848   Section        1  hal_cm3.o(.data)
    .data                                    0x1000384c   Section        8  rt_system.o(.data)
    os_lock                                  0x1000384c   Data           1  rt_system.o(.data)
    os_psh_flag                              0x1000384d   Data           1  rt_system.o(.data)
    pend_flags                               0x1000384e   Data           1  rt_system.o(.data)
    .data                                    0x10003854   Section        8  rt_robin.o(.data)
    .data                                    0x1000385c   Section        8  rt_timer.o(.data)
    .bss                                     0x10003864   Section      348  rtx_conf_cm.o(.bss)
    .bss                                     0x100039c0   Section     1616  rtx_conf_cm.o(.bss)
    .bss                                     0x10004010   Section      132  rtx_conf_cm.o(.bss)
    .bss                                     0x10004094   Section       28  rtx_conf_cm.o(.bss)
    .bss                                     0x100040b0   Section     3516  main.o(.bss)
    .bss                                     0x10004e6c   Section       48  rt_task.o(.bss)
    .bss                                     0x10004e9c   Section       48  rt_list.o(.bss)
    STACK                                    0x10004ed0   Section      512  startup_lpc17xx.o(STACK)

    Global Symbols

    Symbol Name                              Value     Ov Type        Size  Object(Section)

    BuildAttributes$$THM_ISAv4$P$D$K$B$S$PE$A:L22UL41UL21$X:L11$S22US41US21$IEEE1$IW$USESV6$~STKCKD$USESV7$~SHL$OSPACE$EBA8$MICROLIB$REQ8$PRES8$EABIv2 0x00000000   Number         0  anon$$obj.o ABSOLUTE
    __ARM_use_no_argv                        0x00000000   Number         0  main.o ABSOLUTE
    __Vectors                                0x00000000   Data           4  startup_lpc17xx.o(RESET)
    _clock_init                               - Undefined Weak Reference
    __main                                   0x000000cd   Thumb Code     0  entry.o(.ARM.Collect$$$$00000000)
    _main_stk                                0x000000cd   Thumb Code     0  entry2.o(.ARM.Collect$$$$00000001)
    _main_scatterload                        0x000000d1   Thumb Code     0  entry5.o(.ARM.Collect$$$$00000004)
    __main_after_scatterload                 0x000000d5   Thumb Code     0  entry5.o(.ARM.Collect$$$$00000004)
    _main_clock                              0x000000d5   Thumb Code     0  entry7b.o(.ARM.Collect$$$$00000008)
    _main_init                               0x000000d5   Thumb Code     0  entry8.o(.ARM.Collect$$$$00000009)
    rt_set_PSP                               0x000000e1   Thumb Code     6  hal_cm3.o(.emb_text)
    rt_get_PSP                               0x000000e7   Thumb Code     6  hal_cm3.o(.emb_text)
    os_set_env                               0x000000ed   Thumb Code    24  hal_cm3.o(.emb_text)
    _alloc_box                               0x00000109   Thumb Code    28  hal_cm3.o(.emb_text)
    _free_box                                0x00000129   Thumb Code    28  hal_cm3.o(.emb_text)
    SVC_Handler                              0x00000149   Thumb Code   124  hal_cm3.o(.emb_text)
    PendSV_Handler                           0x000001d1   Thumb Code    76  hal_cm3.o(.emb_text)
    SysTick_Handler                          0x00000221   Thumb Code     8  hal_cm3.o(.emb_text)
    OS_Tick_Handler                          0x00000229   Thumb Code    12  hal_cm3.o(.emb_text)
    Reset_Handler                            0x00000235   Thumb Code     8  startup_lpc17xx.o(.text)
    NMI_Handler                              0x0000023d   Thumb Code     2  startup_lpc17xx.o(.text)
    HardFault_Handler                        0x0000023f   Thumb Code     2  startup_lpc17xx.o(.text)
    MemManage_Handler                        0x00000241   Thumb Code     2  startup_lpc17xx.o(.text)
    BusFault_Handler                         0x00000243   Thumb Code     2  startup_lpc17xx.o(.text)
    UsageFault_Handler                       0x00000245   Thumb Code     2  startup_lpc17xx.o(.text)
    DebugMon_Handler                         0x00000249   Thumb Code     2  startup_lpc17xx.o(.text)
    BOD_IRQHandler                           0x0000024f   Thumb Code     0  startup_lpc17xx.o(.text)
    CANActivity_IRQHandler                   0x0000024f   Thumb Code     0  startup_lpc17xx.o(.text)
    CAN_IRQHandler                           0x0000024f   Thumb Code     0  startup_lpc17xx.o(.text)
    DMA_IRQHandler                           0x0000024f   Thumb Code     0  startup_lpc17xx.o(.text)
    EINT0_IRQHandler                         0x0000024f   Thumb Code     0  startup_lpc17xx.o(.text)
    EINT1_IRQHandler                         0x0000024f   Thumb Code     0  startup_lpc17xx.o(.text)
    EINT2_IRQHandler                         0x0000024f   Thumb Code     0  startup_lpc17xx.o(.text)
    EINT3_IRQHandler                         0x0000024f   Thumb Code     0  startup_lpc17xx.o(.text)
    ENET_IRQHandler                          0x0000024f   Thumb Code     0  startup_lpc17xx.o(.text)
    I2C0_IRQHandler                          0x0000024f   Thumb Code     0  startup_lpc17xx.o(.text)
    I2C1_IRQHandler                          0x0000024f   Thumb Code     0  startup_lpc17xx.o(.text)
    I2C2_IRQHandler                          0x0000024f   Thumb Code     0  startup_lpc17xx.o(.text)
    I2S_IRQHandler                           0x0000024f   Thumb Code     0  startup_lpc17xx.o(.text)
    MCPWM_IRQHandler                         0x0000024f   Thumb Code     0  startup_lpc17xx.o(.text)
    PLL0_IRQHandler                          0x0000024f   Thumb Code     0  startup_lpc17xx.o(.text)
    PLL1_IRQHandler                          0x0000024f   Thumb Code     0  startup_lpc17xx.o(.text)
    PWM1_IRQHandler                          0x0000024f   Thumb Code     0  startup_lpc17xx.o(.text)
    QEI_IRQHandler                           0x0000024f   Thumb Code     0  startup_lpc17xx.o(.text)
    RIT_IRQHandler                           0x0000024f   Thumb Code     0  startup_lpc17xx.o(.text)
    RTC_IRQHandler                           0x0000024f   Thumb Code     0  startup_lpc17xx.o(.text)
    SPI_IRQHandler                           0x0000024f   Thumb Code     0  startup_lpc17xx.o(.text)
    SSP0_IRQHandler                          0x0000024f   Thumb Code     0  startup_lpc17xx.o(.text)
    SSP1_IRQHandler                          0x0000024f   Thumb Code     0  startup_lpc17xx.o(.text)
    TIMER0_IRQHandler                        0x0000024f   Thumb Code     0  startup_lpc17xx.o(.text)
    TIMER1_IRQHandler                        0x0000024f   Thumb Code     0  startup_lpc17xx.o(.text)
    TIMER2_IRQHandler                        0x0000024f   Thumb Code     0  startup_lpc17xx.o(.text)
    TIMER3_IRQHandler                        0x0000024f   Thumb Code     0  startup_lpc17xx.o(.text)
    UART0_IRQHandler                         0x0000024f   Thumb Code     0  startup_lpc17xx.o(.text)
    UART1_IRQHandler                         0x0000024f   Thumb Code     0  startup_lpc17xx.o(.text)
    UART2_IRQHandler                         0x0000024f   Thumb Code     0  startup_lpc17xx.o(.text)
    UART3_IRQHandler                         0x0000024f   Thumb Code     0  startup_lpc17xx.o(.text)
    USBActivity_IRQHandler                   0x0000024f   Thumb Code     0  startup_lpc17xx.o(.text)
    USB_IRQHandler                           0x0000024f   Thumb Code     0  startup_lpc17xx.o(.text)
    WDT_IRQHandler                           0x0000024f   Thumb Code     0  startup_lpc17xx.o(.text)
    os_idle_demon                            0x00000259   Thumb Code     2  rtx_conf_cm.o(.text)
    os_tmr_call                              0x0000025b   Thumb Code     2  rtx_conf_cm.o(.text)
    os_error                                 0x0000025d   Thumb Code     2  rtx_conf_cm.o(.text)
    KBD_Init                                 0x00000261   Thumb Code    38  kbd.o(.text)
    KBD_Get                                  0x00000287   Thumb Code    12  kbd.o(.text)
    INT0_Get                                 0x00000293   Thumb Code    10  kbd.o(.text)
    __aeabi_memcpy                           0x000002a9   Thumb Code    36  memcpya.o(.text)
    __aeabi_memcpy4                          0x000002a9   Thumb Code     0  memcpya.o(.text)
    __aeabi_memcpy8                          0x000002a9   Thumb Code     0  memcpya.o(.text)
    __aeabi_llsl                             0x000002cd   Thumb Code    30  llshl.o(.text)
    _ll_shift_l                              0x000002cd   Thumb Code     0  llshl.o(.text)
    SVC_Count                                0x000002ec   Data           4  SVC_Table.o(SVC_TABLE)
    SVC_Table                                0x000002f0   Data           0  SVC_Table.o(SVC_TABLE)
    __scatterload_null                       0x000002f1   Thumb Code     2  handlers.o(i.__scatterload_null)
    os_tick_irqack                           0x000002f3   Thumb Code     2  rt_system.o(i.os_tick_irqack)
    rt_dly_wait                              0x000002f5   Thumb Code     6  rt_time.o(i.rt_dly_wait)
    os_maxtaskrun                            0x000002fa   Data           2  rtx_conf_cm.o(.constdata)
    SystemCoreClockUpdate                    0x00000301   Thumb Code   194  system_lpc17xx.o(.text)
    SystemInit                               0x000003c3   Thumb Code   194  system_lpc17xx.o(.text)
    __RL_RTX_VER                             0x00000460   Number         0  rt_system.o ABSOLUTE
    GLCD_Init                                0x0000050f   Thumb Code  1472  glcd_spi_lpc1700.o(.text)
    GLCD_SetWindow                           0x00000acf   Thumb Code   148  glcd_spi_lpc1700.o(.text)
    GLCD_WindowMax                           0x00000b63   Thumb Code    12  glcd_spi_lpc1700.o(.text)
    GLCD_PutPixel                            0x00000b6f   Thumb Code   118  glcd_spi_lpc1700.o(.text)
    GLCD_SetTextColor                        0x00000be5   Thumb Code     8  glcd_spi_lpc1700.o(.text)
    GLCD_SetBackColor                        0x00000bed   Thumb Code     8  glcd_spi_lpc1700.o(.text)
    GLCD_Clear                               0x00000bf5   Thumb Code    44  glcd_spi_lpc1700.o(.text)
    GLCD_DrawChar                            0x00000c21   Thumb Code   138  glcd_spi_lpc1700.o(.text)
    GLCD_DisplayChar                         0x00000cab   Thumb Code    66  glcd_spi_lpc1700.o(.text)
    GLCD_DisplayString                       0x00000ced   Thumb Code    36  glcd_spi_lpc1700.o(.text)
    GLCD_ClearLn                             0x00000d11   Thumb Code    72  glcd_spi_lpc1700.o(.text)
    GLCD_Bargraph                            0x00000d59   Thumb Code    84  glcd_spi_lpc1700.o(.text)
    GLCD_Bitmap                              0x00000dad   Thumb Code    64  glcd_spi_lpc1700.o(.text)
    GLCD_ScrollVertical                      0x00000ded   Thumb Code     2  glcd_spi_lpc1700.o(.text)
    GLCD_WrCmd                               0x00000def   Thumb Code     4  glcd_spi_lpc1700.o(.text)
    GLCD_WrReg                               0x00000df3   Thumb Code     4  glcd_spi_lpc1700.o(.text)
    LED_Init                                 0x00000efd   Thumb Code    30  led.o(.text)
    LED_On                                   0x00000f1b   Thumb Code    28  led.o(.text)
    LED_Off                                  0x00000f37   Thumb Code    28  led.o(.text)
    LED_Out                                  0x00000f53   Thumb Code    38  led.o(.text)
    LED_Toggle                               0x00000f79   Thumb Code    28  led.o(.text)
    dischargeRight                           0x00000fa1   Thumb Code    76  main.o(.text)
    dischargeLeft                            0x00000fed   Thumb Code    82  main.o(.text)
    killAll                                  0x0000103f   Thumb Code    54  main.o(.text)
    detectCollision                          0x00001075   Thumb Code   776  main.o(.text)
    attentionFlash                           0x0000137d   Thumb Code   174  main.o(.text)
    asteroid2                                0x0000142b   Thumb Code   282  main.o(.text)
    asteroid1                                0x00001545   Thumb Code   282  main.o(.text)
    computerSpaceShip                        0x0000165f   Thumb Code   772  main.o(.text)
    buttonPress                              0x00001963   Thumb Code    36  main.o(.text)
    projectilesMovement                      0x00001987   Thumb Code   340  main.o(.text)
    playerSpaceShip                          0x00001adb   Thumb Code   190  main.o(.text)
    welcomeScreen                            0x00001b99   Thumb Code  1006  main.o(.text)
    init                                     0x00001f87   Thumb Code    44  main.o(.text)
    main                                     0x00001fb3   Thumb Code    44  main.o(.text)
    ADC_Init                                 0x0000202d   Thumb Code    40  adc.o(.text)
    ADC_IRQHandler                           0x00002055   Thumb Code    20  adc.o(.text)
    ADC_ConverstionStart                     0x00002069   Thumb Code     2  adc.o(.text)
    __aeabi_uldivmod                         0x00002085   Thumb Code    98  uldiv.o(.text)
    __aeabi_llsr                             0x000020e7   Thumb Code    32  llushr.o(.text)
    _ll_ushift_r                             0x000020e7   Thumb Code     0  llushr.o(.text)
    __scatterload                            0x00002109   Thumb Code    28  init.o(.text)
    __scatterload_rt2                        0x00002109   Thumb Code     0  init.o(.text)
    __decompress                             0x0000212d   Thumb Code     0  __dclz77c.o(.text)
    __decompress2                            0x0000212d   Thumb Code    96  __dclz77c.o(.text)
    __scatterload_copy                       0x0000218d   Thumb Code    14  handlers.o(i.__scatterload_copy)
    __scatterload_zeroinit                   0x0000219b   Thumb Code    14  handlers.o(i.__scatterload_zeroinit)
    _init_box                                0x000021a9   Thumb Code    70  rt_membox.o(i._init_box)
    dbg_init                                 0x000021f1   Thumb Code    34  hal_cm3.o(i.dbg_init)
    dbg_task_notify                          0x00002221   Thumb Code    32  hal_cm3.o(i.dbg_task_notify)
    dbg_task_switch                          0x00002241   Thumb Code    16  hal_cm3.o(i.dbg_task_switch)
    os_tick_init                             0x00002251   Thumb Code    32  rt_system.o(i.os_tick_init)
    rt_alloc_box                             0x00002279   Thumb Code    26  rt_membox.o(i.rt_alloc_box)
    rt_block                                 0x00002295   Thumb Code    48  rt_task.o(i.rt_block)
    rt_chk_robin                             0x000022cd   Thumb Code    60  rt_robin.o(i.rt_chk_robin)
    rt_dec_dly                               0x00002315   Thumb Code   106  rt_list.o(i.rt_dec_dly)
    rt_dispatch                              0x00002389   Thumb Code    60  rt_task.o(i.rt_dispatch)
    rt_evt_psh                               0x000023cd   Thumb Code    72  rt_event.o(i.rt_evt_psh)
    rt_free_box                              0x00002419   Thumb Code    32  rt_membox.o(i.rt_free_box)
    rt_get_first                             0x00002439   Thumb Code    40  rt_list.o(i.rt_get_first)
    rt_init_robin                            0x000024a5   Thumb Code    14  rt_robin.o(i.rt_init_robin)
    rt_init_stack                            0x000024bd   Thumb Code    70  hal_cm3.o(i.rt_init_stack)
    rt_mbx_psh                               0x0000250d   Thumb Code   188  rt_mailbox.o(i.rt_mbx_psh)
    rt_mut_init                              0x000025cd   Thumb Code    16  rt_mutex.o(i.rt_mut_init)
    rt_mut_release                           0x000025dd   Thumb Code   164  rt_mutex.o(i.rt_mut_release)
    rt_mut_wait                              0x00002689   Thumb Code    96  rt_mutex.o(i.rt_mut_wait)
    rt_pop_req                               0x000026ed   Thumb Code   106  rt_system.o(i.rt_pop_req)
    rt_put_dly                               0x00002765   Thumb Code    68  rt_list.o(i.rt_put_dly)
    rt_put_prio                              0x000027ad   Thumb Code    54  rt_list.o(i.rt_put_prio)
    rt_put_rdy_first                         0x000027e5   Thumb Code    14  rt_list.o(i.rt_put_rdy_first)
    rt_resort_prio                           0x000027f9   Thumb Code    46  rt_list.o(i.rt_resort_prio)
    rt_rmv_dly                               0x0000282d   Thumb Code    40  rt_list.o(i.rt_rmv_dly)
    rt_rmv_list                              0x00002855   Thumb Code    44  rt_list.o(i.rt_rmv_list)
    rt_sem_psh                               0x00002885   Thumb Code    46  rt_semaphore.o(i.rt_sem_psh)
    rt_stk_check                             0x000028b9   Thumb Code    28  rt_system.o(i.rt_stk_check)
    rt_switch_req                            0x000028dd   Thumb Code    30  rt_task.o(i.rt_switch_req)
    rt_sys_init                              0x00002905   Thumb Code   266  rt_task.o(i.rt_sys_init)
    rt_systick                               0x00002a5d   Thumb Code    48  rt_system.o(i.rt_systick)
    rt_tmr_tick                              0x00002a99   Thumb Code    56  rt_timer.o(i.rt_tmr_tick)
    rt_tsk_create                            0x00002ad9   Thumb Code   126  rt_task.o(i.rt_tsk_create)
    rt_tsk_delete                            0x00002b6d   Thumb Code   162  rt_task.o(i.rt_tsk_delete)
    os_stackinfo                             0x00002c28   Data           4  rtx_conf_cm.o(.constdata)
    os_rrobin                                0x00002c2c   Data           4  rtx_conf_cm.o(.constdata)
    os_trv                                   0x00002c30   Data           4  rtx_conf_cm.o(.constdata)
    os_flags                                 0x00002c34   Data           1  rtx_conf_cm.o(.constdata)
    os_clockrate                             0x00002c38   Data           4  rtx_conf_cm.o(.constdata)
    os_timernum                              0x00002c3c   Data           4  rtx_conf_cm.o(.constdata)
    mp_tcb_size                              0x00002c40   Data           2  rtx_conf_cm.o(.constdata)
    mp_stk_size                              0x00002c44   Data           4  rtx_conf_cm.o(.constdata)
    os_fifo_size                             0x00002c48   Data           1  rtx_conf_cm.o(.constdata)
    mp_tmr_size                              0x00002c4a   Data           2  rtx_conf_cm.o(.constdata)
    Font_6x8_h                               0x00002c4c   Data         896  glcd_spi_lpc1700.o(.constdata)
    Font_16x24_h                             0x00002fcc   Data        5376  glcd_spi_lpc1700.o(.constdata)
    led_mask                                 0x000044cc   Data          32  led.o(.constdata)
    Region$$Table$$Base                      0x000044ec   Number         0  anon$$obj.o(Region$$Table)
    Region$$Table$$Limit                     0x0000450c   Number         0  anon$$obj.o(Region$$Table)
    SystemCoreClock                          0x10000000   Data           4  system_lpc17xx.o(.data)
    m_tmr                                    0x10000004   Data           4  rtx_conf_cm.o(.data)
    playerLives                              0x10000010   Data           1  main.o(.data)
    computerLives                            0x10000011   Data           1  main.o(.data)
    pauseGame                                0x10000012   Data           1  main.o(.data)
    position                                 0x10000014   Data           2  main.o(.data)
    computerPosition                         0x10000016   Data           2  main.o(.data)
    t_welcome                                0x10000018   Data           4  main.o(.data)
    t_attention                              0x1000001c   Data           4  main.o(.data)
    t_playerSpaceShip                        0x10000020   Data           4  main.o(.data)
    t_projectilesMovement                    0x10000024   Data           4  main.o(.data)
    t_buttonPress                            0x10000028   Data           4  main.o(.data)
    t_computerSpaceShip                      0x1000002c   Data           4  main.o(.data)
    t_asteroid1                              0x10000030   Data           4  main.o(.data)
    t_asteroid2                              0x10000034   Data           4  main.o(.data)
    asteroidPosition1                        0x10000038   Data           4  main.o(.data)
    asteroidLength1                          0x1000003c   Data           4  main.o(.data)
    asteroidPosition2                        0x10000040   Data           4  main.o(.data)
    asteroidLength2                          0x10000044   Data           4  main.o(.data)
    attentionStart                           0x10000048   Data           4  main.o(.data)
    spaceShipBitmap                          0x1000004c   Data        1801  main.o(.data)
    roundBlueBitmap                          0x10000755   Data          71  main.o(.data)
    roundGreenBitmap                         0x1000079c   Data          71  main.o(.data)
    oponentBitmap                            0x100007e3   Data        1459  main.o(.data)
    asteroidBitmap                           0x10000d96   Data        3201  main.o(.data)
    halfAsteroidBitmap                       0x10001a17   Data        1601  main.o(.data)
    explosionBitmap                          0x10002058   Data        1801  main.o(.data)
    blueStarBitmap                           0x10002761   Data         801  main.o(.data)
    yellowStarBitmap                         0x10002a82   Data         451  main.o(.data)
    yellowStar2Bitmap                        0x10002c45   Data        1801  main.o(.data)
    blueStar2Bitmap                          0x1000334e   Data        1251  main.o(.data)
    ADCStat                                  0x10003834   Data           4  main.o(.data)
    ADCValue                                 0x10003838   Data           4  main.o(.data)
    os_tsk                                   0x1000383c   Data           8  rt_task.o(.data)
    os_time                                  0x10003844   Data           4  rt_time.o(.data)
    dbg_msg                                  0x10003848   Data           1  hal_cm3.o(.data)
    os_tick_irqn                             0x10003850   Data           4  rt_system.o(.data)
    os_robin                                 0x10003854   Data           8  rt_robin.o(.data)
    os_tmr                                   0x1000385c   Data           8  rt_timer.o(.data)
    mp_tcb                                   0x10003864   Data         348  rtx_conf_cm.o(.bss)
    mp_stk                                   0x100039c0   Data        1616  rtx_conf_cm.o(.bss)
    os_fifo                                  0x10004010   Data         132  rtx_conf_cm.o(.bss)
    os_active_TCB                            0x10004094   Data          28  rtx_conf_cm.o(.bss)
    spaceShipBlackBitmap                     0x100040b0   Data        1801  main.o(.bss)
    roundBlackBitmap                         0x100047b9   Data          69  main.o(.bss)
    oponentBlackBitmap                       0x100047fe   Data        1459  main.o(.bss)
    mut_GLCD                                 0x10004db4   Data          12  main.o(.bss)
    rightProj                                0x10004dc0   Data          86  main.o(.bss)
    leftProj                                 0x10004e16   Data          86  main.o(.bss)
    os_idle_TCB                              0x10004e6c   Data          48  rt_task.o(.bss)
    os_rdy                                   0x10004e9c   Data          24  rt_list.o(.bss)
    os_dly                                   0x10004eb4   Data          24  rt_list.o(.bss)
    __initial_sp                             0x100050d0   Data           0  startup_lpc17xx.o(STACK)



==============================================================================

Memory Map of the image

  Image Entry point : 0x000000cd

  Load Region LR_IROM1 (Base: 0x00000000, Size: 0x00007d70, Max: 0x00080000, ABSOLUTE, COMPRESSED[0x0000613c])

    Execution Region ER_IROM1 (Base: 0x00000000, Size: 0x0000450c, Max: 0x00080000, ABSOLUTE)

    Base Addr    Size         Type   Attr      Idx    E Section Name        Object

    0x00000000   0x000000cc   Data   RO            3    RESET               startup_lpc17xx.o
    0x000000cc   0x00000000   Code   RO          843  * .ARM.Collect$$$$00000000  mc_w.l(entry.o)
    0x000000cc   0x00000004   Code   RO          852    .ARM.Collect$$$$00000001  mc_w.l(entry2.o)
    0x000000d0   0x00000004   Code   RO          855    .ARM.Collect$$$$00000004  mc_w.l(entry5.o)
    0x000000d4   0x00000000   Code   RO          857    .ARM.Collect$$$$00000008  mc_w.l(entry7b.o)
    0x000000d4   0x00000008   Code   RO          858    .ARM.Collect$$$$00000009  mc_w.l(entry8.o)
    0x000000dc   0x00000004   Code   RO          853    .ARM.Collect$$$$00002712  mc_w.l(entry2.o)
    0x000000e0   0x00000154   Code   RO          428    .emb_text           RTX_CM3.LIB(hal_cm3.o)
    0x00000234   0x00000024   Code   RO            5    .text               startup_lpc17xx.o
    0x00000258   0x00000006   Code   RO           56    .text               rtx_conf_cm.o
    0x0000025e   0x00000002   PAD
    0x00000260   0x00000048   Code   RO          216    .text               kbd.o
    0x000002a8   0x00000024   Code   RO          848    .text               mc_w.l(memcpya.o)
    0x000002cc   0x0000001e   Code   RO          859    .text               mc_w.l(llshl.o)
    0x000002ea   0x00000002   PAD
    0x000002ec   0x00000004   Code   RO          687    SVC_TABLE           RTX_CM3.LIB(SVC_Table.o)
    0x000002f0   0x00000002   Code   RO          868    i.__scatterload_null  mc_w.l(handlers.o)
    0x000002f2   0x00000002   Code   RO          471    i.os_tick_irqack    RTX_CM3.LIB(rt_system.o)
    0x000002f4   0x00000006   Code   RO          367    i.rt_dly_wait       RTX_CM3.LIB(rt_time.o)
    0x000002fa   0x00000002   Data   RO           61    .constdata          rtx_conf_cm.o
    0x000002fc   0x00000004   Code   RO            4    .ARM.__at_0x02FC    startup_lpc17xx.o
    0x00000300   0x000001a4   Code   RO           15    .text               system_lpc17xx.o
    0x000004a4   0x00000a58   Code   RO           93    .text               glcd_spi_lpc1700.o
    0x00000efc   0x000000a4   Code   RO          138    .text               led.o
    0x00000fa0   0x0000108c   Code   RO          172    .text               main.o
    0x0000202c   0x00000058   Code   RO          243    .text               adc.o
    0x00002084   0x00000062   Code   RO          846    .text               mc_w.l(uldiv.o)
    0x000020e6   0x00000020   Code   RO          861    .text               mc_w.l(llushr.o)
    0x00002106   0x00000002   PAD
    0x00002108   0x00000024   Code   RO          863    .text               mc_w.l(init.o)
    0x0000212c   0x00000060   Code   RO          873    .text               mc_w.l(__dclz77c.o)
    0x0000218c   0x0000000e   Code   RO          867    i.__scatterload_copy  mc_w.l(handlers.o)
    0x0000219a   0x0000000e   Code   RO          869    i.__scatterload_zeroinit  mc_w.l(handlers.o)
    0x000021a8   0x00000046   Code   RO          654    i._init_box         RTX_CM3.LIB(rt_membox.o)
    0x000021ee   0x00000002   PAD
    0x000021f0   0x00000030   Code   RO          429    i.dbg_init          RTX_CM3.LIB(hal_cm3.o)
    0x00002220   0x00000020   Code   RO          430    i.dbg_task_notify   RTX_CM3.LIB(hal_cm3.o)
    0x00002240   0x00000010   Code   RO          431    i.dbg_task_switch   RTX_CM3.LIB(hal_cm3.o)
    0x00002250   0x00000028   Code   RO          470    i.os_tick_init      RTX_CM3.LIB(rt_system.o)
    0x00002278   0x0000001a   Code   RO          655    i.rt_alloc_box      RTX_CM3.LIB(rt_membox.o)
    0x00002292   0x00000002   PAD
    0x00002294   0x00000038   Code   RO          268    i.rt_block          RTX_CM3.LIB(rt_task.o)
    0x000022cc   0x00000048   Code   RO          632    i.rt_chk_robin      RTX_CM3.LIB(rt_robin.o)
    0x00002314   0x00000074   Code   RO          553    i.rt_dec_dly        RTX_CM3.LIB(rt_list.o)
    0x00002388   0x00000044   Code   RO          269    i.rt_dispatch       RTX_CM3.LIB(rt_task.o)
    0x000023cc   0x0000004c   Code   RO          693    i.rt_evt_psh        RTX_CM3.LIB(rt_event.o)
    0x00002418   0x00000020   Code   RO          656    i.rt_free_box       RTX_CM3.LIB(rt_membox.o)
    0x00002438   0x00000028   Code   RO          554    i.rt_get_first      RTX_CM3.LIB(rt_list.o)
    0x00002460   0x00000044   Code   RO          270    i.rt_init_context   RTX_CM3.LIB(rt_task.o)
    0x000024a4   0x00000018   Code   RO          633    i.rt_init_robin     RTX_CM3.LIB(rt_robin.o)
    0x000024bc   0x00000050   Code   RO          432    i.rt_init_stack     RTX_CM3.LIB(hal_cm3.o)
    0x0000250c   0x000000c0   Code   RO          736    i.rt_mbx_psh        RTX_CM3.LIB(rt_mailbox.o)
    0x000025cc   0x00000010   Code   RO          404    i.rt_mut_init       RTX_CM3.LIB(rt_mutex.o)
    0x000025dc   0x000000ac   Code   RO          405    i.rt_mut_release    RTX_CM3.LIB(rt_mutex.o)
    0x00002688   0x00000064   Code   RO          406    i.rt_mut_wait       RTX_CM3.LIB(rt_mutex.o)
    0x000026ec   0x00000078   Code   RO          472    i.rt_pop_req        RTX_CM3.LIB(rt_system.o)
    0x00002764   0x00000048   Code   RO          557    i.rt_put_dly        RTX_CM3.LIB(rt_list.o)
    0x000027ac   0x00000036   Code   RO          558    i.rt_put_prio       RTX_CM3.LIB(rt_list.o)
    0x000027e2   0x00000002   PAD
    0x000027e4   0x00000014   Code   RO          559    i.rt_put_rdy_first  RTX_CM3.LIB(rt_list.o)
    0x000027f8   0x00000034   Code   RO          560    i.rt_resort_prio    RTX_CM3.LIB(rt_list.o)
    0x0000282c   0x00000028   Code   RO          561    i.rt_rmv_dly        RTX_CM3.LIB(rt_list.o)
    0x00002854   0x00000030   Code   RO          562    i.rt_rmv_list       RTX_CM3.LIB(rt_list.o)
    0x00002884   0x00000034   Code   RO          782    i.rt_sem_psh        RTX_CM3.LIB(rt_semaphore.o)
    0x000028b8   0x00000024   Code   RO          475    i.rt_stk_check      RTX_CM3.LIB(rt_system.o)
    0x000028dc   0x00000028   Code   RO          271    i.rt_switch_req     RTX_CM3.LIB(rt_task.o)
    0x00002904   0x00000158   Code   RO          272    i.rt_sys_init       RTX_CM3.LIB(rt_task.o)
    0x00002a5c   0x0000003c   Code   RO          477    i.rt_systick        RTX_CM3.LIB(rt_system.o)
    0x00002a98   0x00000040   Code   RO          818    i.rt_tmr_tick       RTX_CM3.LIB(rt_timer.o)
    0x00002ad8   0x00000094   Code   RO          273    i.rt_tsk_create     RTX_CM3.LIB(rt_task.o)
    0x00002b6c   0x000000bc   Code   RO          274    i.rt_tsk_delete     RTX_CM3.LIB(rt_task.o)
    0x00002c28   0x00000004   Data   RO           62    .constdata          rtx_conf_cm.o
    0x00002c2c   0x00000004   Data   RO           63    .constdata          rtx_conf_cm.o
    0x00002c30   0x00000004   Data   RO           64    .constdata          rtx_conf_cm.o
    0x00002c34   0x00000001   Data   RO           65    .constdata          rtx_conf_cm.o
    0x00002c35   0x00000003   PAD
    0x00002c38   0x00000008   Data   RO           66    .constdata          rtx_conf_cm.o
    0x00002c40   0x00000002   Data   RO           67    .constdata          rtx_conf_cm.o
    0x00002c42   0x00000002   PAD
    0x00002c44   0x00000004   Data   RO           68    .constdata          rtx_conf_cm.o
    0x00002c48   0x00000001   Data   RO           69    .constdata          rtx_conf_cm.o
    0x00002c49   0x00000001   PAD
    0x00002c4a   0x00000002   Data   RO           70    .constdata          rtx_conf_cm.o
    0x00002c4c   0x00001880   Data   RO           94    .constdata          glcd_spi_lpc1700.o
    0x000044cc   0x00000020   Data   RO          139    .constdata          led.o
    0x000044ec   0x00000020   Data   RO          865    Region$$Table       anon$$obj.o


    Execution Region RW_IRAM1 (Base: 0x10000000, Size: 0x000050d0, Max: 0x00008000, ABSOLUTE, COMPRESSED[0x00001c30])

    Base Addr    Size         Type   Attr      Idx    E Section Name        Object

    0x10000000   0x00000004   Data   RW           16    .data               system_lpc17xx.o
    0x10000004   0x00000004   Data   RW           71    .data               rtx_conf_cm.o
    0x10000008   0x00000006   Data   RW           95    .data               glcd_spi_lpc1700.o
    0x1000000e   0x00000002   PAD
    0x10000010   0x00003821   Data   RW          174    .data               main.o
    0x10003831   0x00000003   PAD
    0x10003834   0x00000004   Data   RW          175    .data               main.o
    0x10003838   0x00000004   Data   RW          176    .data               main.o
    0x1000383c   0x00000008   Data   RW          279    .data               RTX_CM3.LIB(rt_task.o)
    0x10003844   0x00000004   Data   RW          371    .data               RTX_CM3.LIB(rt_time.o)
    0x10003848   0x00000001   Data   RW          433    .data               RTX_CM3.LIB(hal_cm3.o)
    0x10003849   0x00000003   PAD
    0x1000384c   0x00000008   Data   RW          480    .data               RTX_CM3.LIB(rt_system.o)
    0x10003854   0x00000008   Data   RW          634    .data               RTX_CM3.LIB(rt_robin.o)
    0x1000385c   0x00000008   Data   RW          819    .data               RTX_CM3.LIB(rt_timer.o)
    0x10003864   0x0000015c   Zero   RW           57    .bss                rtx_conf_cm.o
    0x100039c0   0x00000650   Zero   RW           58    .bss                rtx_conf_cm.o
    0x10004010   0x00000084   Zero   RW           59    .bss                rtx_conf_cm.o
    0x10004094   0x0000001c   Zero   RW           60    .bss                rtx_conf_cm.o
    0x100040b0   0x00000dbc   Zero   RW          173    .bss                main.o
    0x10004e6c   0x00000030   Zero   RW          278    .bss                RTX_CM3.LIB(rt_task.o)
    0x10004e9c   0x00000030   Zero   RW          563    .bss                RTX_CM3.LIB(rt_list.o)
    0x10004ecc   0x00000004   PAD
    0x10004ed0   0x00000200   Zero   RW            1    STACK               startup_lpc17xx.o


==============================================================================

Image component sizes


      Code (inc. data)   RO Data    RW Data    ZI Data      Debug   Object Name

        88         26          0          0          0        655   adc.o
      2648         44       6272          6          0       7862   glcd_spi_lpc1700.o
        72         12          0          0          0        688   kbd.o
       164         12         32          0          0       1458   led.o
      4236        260          0      14377       3516       7622   main.o
         6          0         32          4       2124       8524   rtx_conf_cm.o
        40         12        204          0        512        872   startup_lpc17xx.o
       420         32          0          4          0       5189   system_lpc17xx.o

    ----------------------------------------------------------------------
      7676        398       6578      14396       6152      32870   Object Totals
         0          0         32          0          0          0   (incl. Generated)
         2          0          6          5          0          0   (incl. Padding)

    ----------------------------------------------------------------------

      Code (inc. data)   RO Data    RW Data    ZI Data      Debug   Library Member Name

         4          4          0          0          0        136   SVC_Table.o
       516         56          0          1          0       2465   hal_cm3.o
        76          4          0          0          0        541   rt_event.o
       442         30          0          0         48       3794   rt_list.o
       192          4          0          0          0        605   rt_mailbox.o
       128          0          0          0          0       1489   rt_membox.o
       288         12          0          0          0       1601   rt_mutex.o
        96         22          0          8          0        962   rt_robin.o
        52          6          0          0          0        453   rt_semaphore.o
       258         42          0          8          0       2962   rt_system.o
       912        156          0          8         48       6282   rt_task.o
         6          0          0          4          0        504   rt_time.o
        64          8          0          8          0        583   rt_timer.o
        96          0          0          0          0          0   __dclz77c.o
         0          0          0          0          0          0   entry.o
         8          4          0          0          0          0   entry2.o
         4          0          0          0          0          0   entry5.o
         0          0          0          0          0          0   entry7b.o
         8          4          0          0          0          0   entry8.o
        30          0          0          0          0          0   handlers.o
        36          8          0          0          0         68   init.o
        30          0          0          0          0         68   llshl.o
        32          0          0          0          0         68   llushr.o
        36          0          0          0          0         68   memcpya.o
        98          0          0          0          0         92   uldiv.o

    ----------------------------------------------------------------------
      3422        360          0         40        100      22741   Library Totals
        10          0          0          3          4          0   (incl. Padding)

    ----------------------------------------------------------------------

      Code (inc. data)   RO Data    RW Data    ZI Data      Debug   Library Name

      3034        344          0         37         96      22377   RTX_CM3.LIB
       378         16          0          0          0        364   mc_w.l

    ----------------------------------------------------------------------
      3422        360          0         40        100      22741   Library Totals

    ----------------------------------------------------------------------

==============================================================================


      Code (inc. data)   RO Data    RW Data    ZI Data      Debug   

     11098        758       6578      14436       6252      52803   Grand Totals
     11098        758       6578       7216       6252      52803   ELF Image Totals (compressed)
     11098        758       6578       7216          0          0   ROM Totals

==============================================================================

    Total RO  Size (Code + RO Data)                17676 (  17.26kB)
    Total RW  Size (RW Data + ZI Data)             20688 (  20.20kB)
    Total ROM Size (Code + RO Data + RW Data)      24892 (  24.31kB)

==============================================================================

